2021-10-20 22:02:29 [    INFO] TEST 1: ping for user omsId:59d212f4-cd95-4ea6-9eff-95d8e923fbb7 with token: (api.py:49)
